[demo.devitems.com/marten-v1/shop-page.html]
[backblue.gif]
[fade.gif]
[index.html]
[demo.devitems.com/marten-v1/assets/img/favicon.png]
[demo.devitems.com/marten-v1/assets/css/bootstrap.min.css]
[demo.devitems.com/marten-v1/assets/css/animate.css]
[demo.devitems.com/marten-v1/assets/css/simple-line-icons.css]
[demo.devitems.com/marten-v1/assets/css/themify-icons.css]
[demo.devitems.com/marten-v1/assets/css/owl.carousel.min.css]
[demo.devitems.com/marten-v1/assets/css/jquery-ui.css]
[demo.devitems.com/marten-v1/assets/css/meanmenu.min.css]
[demo.devitems.com/marten-v1/assets/css/style.css]
[demo.devitems.com/marten-v1/assets/css/responsive.css]
[demo.devitems.com/marten-v1/assets/js/vendor/modernizr-2.8.3.min.js]
[demo.devitems.com/marten-v1/assets/img/icon-img/en.jpg]
[demo.devitems.com/marten-v1/assets/img/icon-img/bl.jpg]
[demo.devitems.com/marten-v1/assets/img/icon-img/ar.jpg]
[demo.devitems.com/marten-v1/assets/img/icon-img/in.jpg]
[demo.devitems.com/marten-v1/assets/img/icon-img/sp.jpg]
[demo.devitems.com/marten-v1/index.html]
[demo.devitems.com/marten-v1/assets/img/logo/logo.png]
[demo.devitems.com/marten-v1/assets/img/banner/menu-img-4.jpg]
[demo.devitems.com/marten-v1/index-2.html]
[demo.devitems.com/marten-v1/about-us.html]
[demo.devitems.com/marten-v1/shop-list.html]
[demo.devitems.com/marten-v1/product-details.html]
[demo.devitems.com/marten-v1/cart.html]
[demo.devitems.com/marten-v1/checkout.html]
[demo.devitems.com/marten-v1/wishlist.html]
[demo.devitems.com/marten-v1/contact.html]
[demo.devitems.com/marten-v1/my-account.html]
[demo.devitems.com/marten-v1/login-register.html]
[demo.devitems.com/marten-v1/blog-leftsidebar.html]
[demo.devitems.com/marten-v1/blog.html]
[demo.devitems.com/marten-v1/blog-details.html]
[demo.devitems.com/marten-v1/assets/img/cart/cart-1.jpg]
[demo.devitems.com/marten-v1/assets/img/cart/cart-2.jpg]
[demo.devitems.com/marten-v1/assets/img/banner/banner-2.jpg]
[demo.devitems.com/marten-v1/assets/img/product/product-4.jpg]
[demo.devitems.com/marten-v1/assets/img/product/product-5.jpg]
[demo.devitems.com/marten-v1/assets/img/product/product-6.jpg]
[demo.devitems.com/marten-v1/assets/img/product/product-7.jpg]
[demo.devitems.com/marten-v1/assets/img/product/product-8.jpg]
[demo.devitems.com/marten-v1/assets/img/product/product-9.jpg]
[demo.devitems.com/marten-v1/assets/img/product/product-10.jpg]
[demo.devitems.com/marten-v1/assets/img/product/product-11.jpg]
[demo.devitems.com/marten-v1/assets/img/logo/logo-2.png]
[demo.devitems.com/marten-v1/assets/img/icon-img/payment.png]
[demo.devitems.com/marten-v1/assets/img/quick-view/l1.jpg]
[demo.devitems.com/marten-v1/assets/img/quick-view/l2.jpg]
[demo.devitems.com/marten-v1/assets/img/quick-view/l3.jpg]
[demo.devitems.com/marten-v1/assets/img/quick-view/s1.jpg]
[demo.devitems.com/marten-v1/assets/img/quick-view/s2.jpg]
[demo.devitems.com/marten-v1/assets/img/quick-view/s3.jpg]
[demo.devitems.com/marten-v1/assets/js/popper.js]
[demo.devitems.com/marten-v1/assets/js/jquery.counterup.min.js]
[demo.devitems.com/marten-v1/assets/js/waypoints.min.js]
[demo.devitems.com/marten-v1/assets/js/bootstrap.min.js]
[demo.devitems.com/marten-v1/assets/js/ajax-mail.js]
[demo.devitems.com/marten-v1/assets/js/elevetezoom.js]
[demo.devitems.com/marten-v1/assets/js/vendor/jquery-1.12.0.min.js]
[demo.devitems.com/marten-v1/assets/js/owl.carousel.min.js]
[demo.devitems.com/marten-v1/assets/js/main.js]
[demo.devitems.com/marten-v1/shop-page.html]
[demo.devitems.com/marten-v1/assets/css/bootstrap.min.css]
[demo.devitems.com/marten-v1/assets/css/animate.css]
[demo.devitems.com/marten-v1/assets/fonts/Simple-Line-Iconsb26c.eot]
[demo.devitems.com/marten-v1/assets/fonts/Simple-Line-Iconsb26c.woff2]
[demo.devitems.com/marten-v1/assets/js/plugins.js]
[demo.devitems.com/marten-v1/assets/fonts/Simple-Line-Iconsb26c.woff]
[demo.devitems.com/marten-v1/assets/fonts/Simple-Line-Iconsb26c.ttf]
[demo.devitems.com/marten-v1/assets/css/simple-line-icons.css]
[demo.devitems.com/marten-v1/assets/fonts/Simple-Line-Iconsb26c.svg]
[demo.devitems.com/marten-v1/assets/fonts/themify9f24.eot]
[demo.devitems.com/marten-v1/assets/fonts/themify9f24.woff]
[demo.devitems.com/marten-v1/assets/fonts/themify9f24.svg]
[demo.devitems.com/marten-v1/assets/css/themify-icons.css]
[demo.devitems.com/marten-v1/assets/css/owl.carousel.min.css]
[demo.devitems.com/marten-v1/assets/fonts/themify9f24.ttf]
[demo.devitems.com/marten-v1/assets/css/jquery-ui.css]
[demo.devitems.com/marten-v1/assets/css/meanmenu.min.css]
[demo.devitems.com/marten-v1/assets/img/icon-img/select.png]
[demo.devitems.com/marten-v1/assets/img/icon-img/select-2.png]
[demo.devitems.com/marten-v1/assets/img/icon-img/cart-select.png]
[demo.devitems.com/marten-v1/assets/img/icon-img/shop.png]
[demo.devitems.com/marten-v1/assets/css/style.css]
[demo.devitems.com/marten-v1/assets/css/responsive.css]
[demo.devitems.com/marten-v1/assets/css/slick.css]
[demo.devitems.com/marten-v1/assets/img/slider/slider-single-img.png]
[demo.devitems.com/marten-v1/assets/img/slider/slider-single-img-2.png]
[demo.devitems.com/marten-v1/assets/img/product/product-1.jpg]
[demo.devitems.com/marten-v1/assets/img/product/product-2.jpg]
[demo.devitems.com/marten-v1/assets/img/product/product-3.jpg]
[demo.devitems.com/marten-v1/assets/img/banner/banner-2.png]
[demo.devitems.com/marten-v1/assets/img/banner/banner-1.jpg]
[demo.devitems.com/marten-v1/assets/img/testi/3.jpg]
[demo.devitems.com/marten-v1/assets/img/testi/4.jpg]
[demo.devitems.com/marten-v1/assets/img/testi/5.jpg]
[demo.devitems.com/marten-v1/assets/img/icon-img/testi-shap.png]
[demo.devitems.com/marten-v1/assets/img/icon-img/shipping.png]
[demo.devitems.com/marten-v1/assets/img/icon-img/support.png]
[demo.devitems.com/marten-v1/assets/img/icon-img/money.png]
[demo.devitems.com/marten-v1/assets/img/blog/blog-1.jpg]
[demo.devitems.com/marten-v1/assets/img/blog/blog-2.jpg]
[demo.devitems.com/marten-v1/assets/img/blog/blog-3.jpg]
[demo.devitems.com/marten-v1/index.html]
[demo.devitems.com/marten-v1/assets/img/slider/slider-2.jpg]
[demo.devitems.com/marten-v1/assets/img/slider/slider-3.jpg]
[demo.devitems.com/marten-v1/assets/img/product/food-catigory-1.png]
[demo.devitems.com/marten-v1/assets/img/product/food-catigory-2.png]
[demo.devitems.com/marten-v1/assets/img/product/food-catigory-3.png]
[demo.devitems.com/marten-v1/assets/img/icon-img/testi-shap-2.png]
[demo.devitems.com/marten-v1/assets/img/banner/banner-4.png]
[demo.devitems.com/marten-v1/index-2.html]
[demo.devitems.com/marten-v1/assets/img/banner/banner-3.png]
[demo.devitems.com/marten-v1/assets/img/team/team-1.jpg]
[demo.devitems.com/marten-v1/assets/img/team/team-2.jpg]
[demo.devitems.com/marten-v1/assets/img/team/team-3.jpg]
[demo.devitems.com/marten-v1/assets/img/team/team-4.jpg]
[demo.devitems.com/marten-v1/about-us.html]
[demo.devitems.com/marten-v1/shop-list.html]
[demo.devitems.com/marten-v1/assets/img/product-details/l1.jpg]
[demo.devitems.com/marten-v1/assets/img/product-details/bl1.jpg]
[demo.devitems.com/marten-v1/assets/img/product-details/s1.jpg]
[demo.devitems.com/marten-v1/assets/img/product-details/bl2.jpg]
[demo.devitems.com/marten-v1/assets/img/product-details/s2.jpg]
[demo.devitems.com/marten-v1/assets/img/product-details/bl3.jpg]
[demo.devitems.com/marten-v1/assets/img/product-details/s3.jpg]
[demo.devitems.com/marten-v1/assets/img/product-details/bl4.jpg]
[demo.devitems.com/marten-v1/assets/img/product-details/s4.jpg]
[demo.devitems.com/marten-v1/product-details.html]
[demo.devitems.com/marten-v1/assets/img/cart/cart-3.jpg]
[demo.devitems.com/marten-v1/assets/img/cart/cart-4.jpg]
[demo.devitems.com/marten-v1/assets/img/cart/cart-5.jpg]
[demo.devitems.com/marten-v1/cart.html]
[demo.devitems.com/marten-v1/checkout.html]
[demo.devitems.com/marten-v1/wishlist.html]
[demo.devitems.com/marten-v1/contact.html]
[demo.devitems.com/marten-v1/my-account.html]
[demo.devitems.com/marten-v1/login-register.html]
[demo.devitems.com/marten-v1/assets/img/blog/blog-4.jpg]
[demo.devitems.com/marten-v1/assets/img/blog/blog-5.jpg]
[demo.devitems.com/marten-v1/assets/img/blog/blog-6.jpg]
[demo.devitems.com/marten-v1/assets/img/blog/blog-7.jpg]
[demo.devitems.com/marten-v1/assets/img/blog/blog-8.jpg]
[demo.devitems.com/marten-v1/assets/img/blog/blog-9.jpg]
[demo.devitems.com/marten-v1/assets/img/blog/blog-10.jpg]
[demo.devitems.com/marten-v1/assets/img/blog/blog-s1.jpg]
[demo.devitems.com/marten-v1/assets/img/blog/blog-s2.jpg]
[demo.devitems.com/marten-v1/assets/img/blog/blog-s3.jpg]
[demo.devitems.com/marten-v1/blog-leftsidebar.html]
[demo.devitems.com/marten-v1/blog.html]
[demo.devitems.com/marten-v1/assets/img/blog/blog-details.jpg]
[demo.devitems.com/marten-v1/assets/img/blog/blog-dec-img1.jpg]
[demo.devitems.com/marten-v1/assets/img/blog/blog-dec-img2.jpg]
[demo.devitems.com/marten-v1/assets/img/blog/blog-comment1.png]
[demo.devitems.com/marten-v1/assets/img/blog/blog-comment2.png]
[demo.devitems.com/marten-v1/blog-details.html]
[demo.devitems.com/marten-v1/assets/css//fonts/themifyd41d.eot]
[demo.devitems.com/marten-v1/assets/css/owl.video.play.png]
[demo.devitems.com/marten-v1/assets/css/images/ui-bg_inset-hard_100_fcfdfd_1x100.png]
[demo.devitems.com/marten-v1/assets/css/images/ui-bg_gloss-wave_55_5c9ccc_500x100.png]
[demo.devitems.com/marten-v1/assets/css/images/ui-bg_glass_85_dfeffc_1x400.png]
[demo.devitems.com/marten-v1/assets/css/images/ui-bg_glass_75_d0e5f5_1x400.png]
[demo.devitems.com/marten-v1/assets/css/images/ui-bg_inset-hard_100_f5f8f9_1x100.png]
[demo.devitems.com/marten-v1/assets/css/images/ui-bg_glass_95_fef1ec_1x400.png]
[demo.devitems.com/marten-v1/assets/css/images/ui-icons_469bdd_256x240.png]
[demo.devitems.com/marten-v1/assets/css/images/ui-icons_d8e7f3_256x240.png]
[demo.devitems.com/marten-v1/assets/css/images/ui-icons_6da8d5_256x240.png]
[demo.devitems.com/marten-v1/assets/css/images/ui-icons_217bc0_256x240.png]
[demo.devitems.com/marten-v1/assets/css/images/ui-icons_f9bd01_256x240.png]
[demo.devitems.com/marten-v1/assets/css/images/ui-icons_2e83ff_256x240.png]
[demo.devitems.com/marten-v1/assets/css/images/ui-icons_cd0a0a_256x240.png]
[demo.devitems.com/marten-v1/images/bg/1.jpg]
[demo.devitems.com/marten-v1/assets/css/slick.css]
